// Jest Snapshot v1, https://goo.gl/fbAQLP

exports[`Header tests matches snapshot (dark) 1`] = `
<View
  style={
    {
      "alignItems": "center",
      "backgroundColor": "#F3F7F0",
      "padding": 12,
    }
  }
  testID="header-container"
>
  <Text
    style={
      {
        "color": "#000000",
        "fontSize": 28,
        "fontWeight": "600",
      }
    }
    testID="title"
  >
    title
  </Text>
</View>
`;
